Microchip MPLAB XC8 Compiler V2.32

Linker command line:

-W-3 --edf=C:\Program Files\Microchip\xc8\v2.32\pic\dat\en_msgs.txt -cn \
  -h+dist/default/debug\Functions.X.debug.sym \
  --cmf=dist/default/debug\Functions.X.debug.cmf -z -Q18F44K22 \
  -oC:\Users\lejla\AppData\Local\Temp\xcAsf34.4 --defsym=__MPLAB_BUILD=1 \
  -Mdist/default/debug/Functions.X.debug.map -E1 -ver=XC8 Compiler \
  --acfsm=1493 -ASTACK=0B1h-02FFh -pstack=STACK -ACODE=00h-03FFFh \
  -ACONST=00h-03FFFh -ASMALLCONST=0300h-03FFhx61 -AMEDIUMCONST=0300h-03FFFh \
  -ACOMRAM=01h-05Fh -AABS1=00h-02FFh -ABIGRAM=01h-02FFh \
  -ARAM=060h-0FFh,0100h-01FFhx2 -ABANK0=060h-0FFh -ABANK1=0100h-01FFh \
  -ABANK2=0200h-02FFh -ASFR=0F38h-0F5Fh,0F60h-0FFFh \
  -ACONFIG=0300000h-030000Dh -AIDLOC=0200000h-0200007h \
  -AEEDATA=0F00000h-0F000FFh -peeprom_data=EEDATA \
  -preset_vec=00h,intcode,intcodelo,powerup,init -pramtop=0300h \
  -psmallconst=SMALLCONST -pmediumconst=MEDIUMCONST -pconst=CONST \
  -AFARRAM=00h-00h \
  -prdata=COMRAM,nvrram=COMRAM,nvbit=COMRAM,rbss=COMRAM,rbit=COMRAM \
  -pfarbss=FARRAM,fardata=FARRAM,nvFARRAM=FARRAM \
  -pintsave_regs=BIGRAM,bigbss=BIGRAM,bigdata=BIGRAM -pbss=RAM \
  -pidata=CODE,irdata=CODE,ibigdata=CODE,ifardata=CODE -prparam=COMRAM \
  C:\Users\lejla\AppData\Local\Temp\xcAsf34.o \
  dist/default/debug\Functions.X.debug.o 

Object code version is 3.11

Machine type is 18F44K22



                Name                               Link     Load   Length Selector   Space Scale
C:\Users\lejla\AppData\Local\Temp\xcAsf34.o
                idloc                            200000   200000        8        0       5
                config                           300000   300000        E        0       4
                init                                  0        0        4        0       0
dist/default/debug\Functions.X.debug.o
                idloc                            200000   200000        8        0       5
                config                           300000   300000        E        0       4
                smallconst                          300      300        A      180       0
                text26                             168A     168A       20      185       0
                text25                             16AA     16AA       1E      185       0
                text24                             16E0     16E0       18      185       0
                text23                             170E     170E       16      185       0
                text22                             15E4     15E4       36      185       0
                text21                             15AE     15AE       36      185       0
                text20                             12E8     12E8       96      185       0
                text19                             137E     137E       8E      185       0
                text18                             146E     146E       50      185       0
                text17                             1640     1640       26      185       0
                text16                             1012     1012       D2      185       0
                text15                             16C8     16C8       18      185       0
                text14                             16F8     16F8       16      185       0
                text13                              30A      30A      586      185       0
                text12                              D26      D26      188      185       0
                text11                              EAE      EAE      164      185       0
                text10                             1502     1502       40      185       0
                text9                              1724     1724        2      185       0
                text8                              1252     1252       96      185       0
                text7                              14BE     14BE       44      185       0
                text6                              1578     1578       36      185       0
                text5                              10E4     10E4       C6      185       0
                text4                               890      890      2E2      185       0
                text3                               B72      B72      1B4      185       0
                text2                              140C     140C       62      185       0
                text1                              161A     161A       26      185       0
                text0                              11AA     11AA       A8      185       0
                cstackCOMRAM                          1        1       5F        1       1
                cstackBANK0                          AC       AC        5       60       1
                dataBANK0                            88       88       24       60       1
                bssBANK0                             60       60       28       60       1
                cinit                              1542     1542       36      185       0
                idataBANK0                         1666     1666       24      185       0

TOTAL           Name                               Link     Load   Length     Space
        CLASS   STACK          

        CLASS   CODE           
                init                                  0        0        4         0
                text26                             168A     168A       20         0
                text25                             16AA     16AA       1E         0
                text24                             16E0     16E0       18         0
                text23                             170E     170E       16         0
                text22                             15E4     15E4       36         0
                text21                             15AE     15AE       36         0
                text20                             12E8     12E8       96         0
                text19                             137E     137E       8E         0
                text18                             146E     146E       50         0
                text17                             1640     1640       26         0
                text16                             1012     1012       D2         0
                text15                             16C8     16C8       18         0
                text14                             16F8     16F8       16         0
                text13                              30A      30A      586         0
                text12                              D26      D26      188         0
                text11                              EAE      EAE      164         0
                text10                             1502     1502       40         0
                text9                              1724     1724        2         0
                text8                              1252     1252       96         0
                text7                              14BE     14BE       44         0
                text6                              1578     1578       36         0
                text5                              10E4     10E4       C6         0
                text4                               890      890      2E2         0
                text3                               B72      B72      1B4         0
                text2                              140C     140C       62         0
                text1                              161A     161A       26         0
                text0                              11AA     11AA       A8         0
                cinit                              1542     1542       36         0
                idataBANK0                         1666     1666       24         0

        CLASS   CONST          

        CLASS   SMALLCONST     
                smallconst                          300      300        A         0

        CLASS   MEDIUMCONST    

        CLASS   COMRAM         
                cstackCOMRAM                          1        1       5F         1

        CLASS   ABS1           

        CLASS   BIGRAM         

        CLASS   RAM            

        CLASS   BANK0          
                cstackBANK0                          AC       AC        5         1
                dataBANK0                            88       88       24         1
                bssBANK0                             60       60       28         1

        CLASS   BANK1          

        CLASS   BANK2          

        CLASS   SFR            

        CLASS   CONFIG         
                config                           300000   300000        E         4

        CLASS   IDLOC          
                idloc                            200000   200000        8         5

        CLASS   EEDATA         

        CLASS   FARRAM         



SEGMENTS        Name                           Load    Length   Top    Selector   Space  Class

                reset_vec                      000000  000004  000004         0       0  CODE    
                cstackCOMRAM                   000001  00005F  000060         1       1  COMRAM  
                bssBANK0                       000060  000051  0000B1        60       1  BANK0   
                smallconst                     000300  00000A  00030A       180       0  SMALLCON
                text13                         00030A  00141C  001726       185       0  CODE    


UNUSED ADDRESS RANGES

        Name                Unused          Largest block    Delta
        BANK0            0000B1-0000FF               4F
        BANK1            000100-0001FF              100
        BANK2            000200-0002FF              100
        BIGRAM           0000B1-0002FF              24F
        CODE             000004-0002FF              2FC
                         001726-003FFF             28DA
        CONST            000004-0002FF              2FC
                         001726-003FFF             28DA
        EEDATA           F00000-F000FF              100
        MEDIUMCONST      001726-003FFF             28DA
        RAM              0000B1-0002FF              100
        SFR              000F38-000FFF               28
        SMALLCONST       001726-003FFF              100
        STACK            0000B1-0002FF              24F

                                  Symbol Table

?___aodiv                cstackCOMRAM 000001
?___aomod                cstackCOMRAM 000001
?_abs                    cstackCOMRAM 000013
?_dtoa                   cstackCOMRAM 00001C
?_pad                    cstackCOMRAM 000011
?_printf                 cstackCOMRAM 000058
?_strlen                 cstackCOMRAM 000001
?_vfpfcnvrt              cstackCOMRAM 000040
?_vfprintf               cstackCOMRAM 000050
_ADCON2bits              (abs)        000FC0
_ADRESH                  (abs)        000FC4
_ADRESL                  (abs)        000FC3
_ANSELA                  (abs)        000F38
_ANSELB                  (abs)        000F39
_ANSELC                  (abs)        000F3A
_ANSELD                  (abs)        000F3B
_ANSELE                  (abs)        000F3C
_LATA                    (abs)        000F89
_LATB                    (abs)        000F8A
_LATC                    (abs)        000F8B
_LATD                    (abs)        000F8C
_LATE                    (abs)        000F8D
_PORTA                   (abs)        000F80
_PORTB                   (abs)        000F81
_PORTC                   (abs)        000F82
_PORTD                   (abs)        000F83
_PORTE                   (abs)        000F84
_TRISA                   (abs)        000F92
_TRISB                   (abs)        000F93
_TRISC                   (abs)        000F94
_TRISD                   (abs)        000F95
_TRISE                   (abs)        000F96
__HRAM                   (abs)        000000
__Habs1                  abs1         000000
__Hbank0                 bank0        000000
__Hbank1                 bank1        000000
__Hbank2                 bank2        000000
__Hbigbss                bigbss       000000
__Hbigdata               bigdata      000000
__Hbigram                bigram       000000
__Hbss                   bss          000000
__HbssBANK0              bssBANK0     000000
__Hcinit                 cinit        000000
__Hclrtext               clrtext      000000
__Hcomram                comram       000000
__Hconfig                config       30000E
__Hconst                 const        000000
__HcstackBANK0           cstackBANK0  000000
__HcstackCOMRAM          cstackCOMRAM 000000
__Hdata                  data         000000
__HdataBANK0             dataBANK0    000000
__Heeprom_data           eeprom_data  000000
__Hfarbss                farbss       000000
__Hfardata               fardata      000000
__Hibigdata              ibigdata     000000
__Hidata                 idata        000000
__HidataBANK0            idataBANK0   000000
__Hidloc                 idloc        200008
__Hifardata              ifardata     000000
__Hinit                  init         000004
__Hintcode               intcode      000000
__Hintcode_body          intcode_body 000000
__Hintcodelo             intcodelo    000000
__Hintentry              intentry     000000
__Hintret                intret       000000
__Hintsave_regs          intsave_regs 000000
__Hirdata                irdata       000000
__Hmediumconst           mediumconst  000000
__HnvFARRAM              nvFARRAM     000000
__Hnvbit                 nvbit        000000
__Hnvrram                nvrram       000000
__Hparam                 rparam       000000
__Hpowerup               powerup      000000
__Hram                   ram          000000
__Hramtop                ramtop       000300
__Hrbit                  rbit         000000
__Hrbss                  rbss         000000
__Hrdata                 rdata        000000
__Hreset_vec             reset_vec    000000
__Hrparam                rparam       000000
__Hsfr                   sfr          000000
__Hsmallconst            smallconst   00030A
__Hspace_0               (abs)        001726
__Hspace_1               (abs)        0000B1
__Hspace_2               (abs)        000000
__Hspace_4               (abs)        60000E
__Hstack                 stack        000000
__Hstruct                struct       000000
__Htemp                  temp         000000
__Htext                  text         000000
__Htext0                 text0        000000
__Htext1                 text1        000000
__Htext10                text10       000000
__Htext11                text11       000000
__Htext12                text12       000000
__Htext13                text13       000000
__Htext14                text14       000000
__Htext15                text15       000000
__Htext16                text16       000000
__Htext17                text17       000000
__Htext18                text18       000000
__Htext19                text19       000000
__Htext2                 text2        000000
__Htext20                text20       000000
__Htext21                text21       000000
__Htext22                text22       000000
__Htext23                text23       000000
__Htext24                text24       000000
__Htext25                text25       000000
__Htext26                text26       000000
__Htext3                 text3        000000
__Htext4                 text4        000000
__Htext5                 text5        000000
__Htext6                 text6        000000
__Htext7                 text7        000000
__Htext8                 text8        000000
__Htext9                 text9        000000
__LRAM                   (abs)        000001
__Labs1                  abs1         000000
__Lbank0                 bank0        000000
__Lbank1                 bank1        000000
__Lbank2                 bank2        000000
__Lbigbss                bigbss       000000
__Lbigdata               bigdata      000000
__Lbigram                bigram       000000
__Lbss                   bss          000000
__LbssBANK0              bssBANK0     000000
__Lcinit                 cinit        000000
__Lclrtext               clrtext      000000
__Lcomram                comram       000000
__Lconfig                config       000000
__Lconst                 const        000000
__LcstackBANK0           cstackBANK0  000000
__LcstackCOMRAM          cstackCOMRAM 000000
__Ldata                  data         000000
__LdataBANK0             dataBANK0    000000
__Leeprom_data           eeprom_data  000000
__Lfarbss                farbss       000000
__Lfardata               fardata      000000
__Libigdata              ibigdata     000000
__Lidata                 idata        000000
__LidataBANK0            idataBANK0   000000
__Lidloc                 idloc        000000
__Lifardata              ifardata     000000
__Linit                  init         000000
__Lintcode               intcode      000000
__Lintcode_body          intcode_body 000000
__Lintcodelo             intcodelo    000000
__Lintentry              intentry     000000
__Lintret                intret       000000
__Lintsave_regs          intsave_regs 000000
__Lirdata                irdata       000000
__Lmediumconst           mediumconst  000000
__LnvFARRAM              nvFARRAM     000000
__Lnvbit                 nvbit        000000
__Lnvrram                nvrram       000000
__Lparam                 rparam       000000
__Lpowerup               powerup      000000
__Lram                   ram          000000
__Lramtop                ramtop       000300
__Lrbit                  rbit         000000
__Lrbss                  rbss         000000
__Lrdata                 rdata        000000
__Lreset_vec             reset_vec    000000
__Lrparam                rparam       000000
__Lsfr                   sfr          000000
__Lsmallconst            smallconst   000300
__Lspace_0               (abs)        000000
__Lspace_1               (abs)        000000
__Lspace_2               (abs)        000000
__Lspace_4               (abs)        000000
__Lstack                 stack        000000
__Lstruct                struct       000000
__Ltemp                  temp         000000
__Ltext                  text         000000
__Ltext0                 text0        000000
__Ltext1                 text1        000000
__Ltext10                text10       000000
__Ltext11                text11       000000
__Ltext12                text12       000000
__Ltext13                text13       000000
__Ltext14                text14       000000
__Ltext15                text15       000000
__Ltext16                text16       000000
__Ltext17                text17       000000
__Ltext18                text18       000000
__Ltext19                text19       000000
__Ltext2                 text2        000000
__Ltext20                text20       000000
__Ltext21                text21       000000
__Ltext22                text22       000000
__Ltext23                text23       000000
__Ltext24                text24       000000
__Ltext25                text25       000000
__Ltext26                text26       000000
__Ltext3                 text3        000000
__Ltext4                 text4        000000
__Ltext5                 text5        000000
__Ltext6                 text6        000000
__Ltext7                 text7        000000
__Ltext8                 text8        000000
__Ltext9                 text9        000000
__S0                     (abs)        001726
__S1                     (abs)        0000B1
__S2                     (abs)        000000
__S4                     (abs)        000000
__S5                     (abs)        000000
___aodiv                 text12       000D26
___aodiv@counter         cstackCOMRAM 000011
___aodiv@dividend        cstackCOMRAM 000001
___aodiv@divisor         cstackCOMRAM 000009
___aodiv@quotient        cstackCOMRAM 000013
___aodiv@sign            cstackCOMRAM 000012
___aomod                 text11       000EAE
___aomod@counter         cstackCOMRAM 000011
___aomod@dividend        cstackCOMRAM 000001
___aomod@divisor         cstackCOMRAM 000009
___aomod@sign            cstackCOMRAM 000012
___inthi_sp              stack        000000
___intlo_sp              stack        000000
___param_bank            (abs)        000000
___rparam_used           (abs)        000001
___sp                    stack        000000
__accesstop              (abs)        000060
__activetblptr           (abs)        000002
__end_of___aodiv         text12       000EAE
__end_of___aomod         text11       001012
__end_of__initialization cinit        00156E
__end_of_abs             text10       001542
__end_of_bitClear        text24       0016F8
__end_of_bitRead         text26       0016AA
__end_of_bitSet          text23       001724
__end_of_bitValue        text25       0016C8
__end_of_bitWrite        text22       00161A
__end_of_clearBit        text15       0016E0
__end_of_convertToBit    text20       00137E
__end_of_convertToPort   text19       00140C
__end_of_delay           text21       0015E4
__end_of_digitalRead     text16       0010E4
__end_of_dtoa            text4        000B72
__end_of_fputc           text8        0012E8
__end_of_fputs           text7        001502
__end_of_main            text0        001252
__end_of_pad             text5        0011AA
__end_of_pinMode         text13       000890
__end_of_pinToIndex      text18       0014BE
__end_of_printf          text1        001640
__end_of_putch           text9        001726
__end_of_readBit         text17       001666
__end_of_setBit          text14       00170E
__end_of_strlen          text6        0015AE
__end_of_vfpfcnvrt       text3        000D26
__end_of_vfprintf        text2        00146E
__initialization         cinit        001542
__mediumconst            mediumconst  000000
__pbssBANK0              bssBANK0     000060
__pcinit                 cinit        001542
__pcstackBANK0           cstackBANK0  0000AC
__pcstackCOMRAM          cstackCOMRAM 000001
__pdataBANK0             dataBANK0    000088
__pidataBANK0            idataBANK0   001666
__psmallconst            smallconst   000300
__ptext0                 text0        0011AA
__ptext1                 text1        00161A
__ptext10                text10       001502
__ptext11                text11       000EAE
__ptext12                text12       000D26
__ptext13                text13       00030A
__ptext14                text14       0016F8
__ptext15                text15       0016C8
__ptext16                text16       001012
__ptext17                text17       001640
__ptext18                text18       00146E
__ptext19                text19       00137E
__ptext2                 text2        00140C
__ptext20                text20       0012E8
__ptext21                text21       0015AE
__ptext22                text22       0015E4
__ptext23                text23       00170E
__ptext24                text24       0016E0
__ptext25                text25       0016AA
__ptext26                text26       00168A
__ptext3                 text3        000B72
__ptext4                 text4        000890
__ptext5                 text5        0010E4
__ptext6                 text6        001578
__ptext7                 text7        0014BE
__ptext8                 text8        001252
__ptext9                 text9        001724
__ramtop                 ramtop       000300
__size_of___aodiv        (abs)        000000
__size_of___aomod        (abs)        000000
__size_of_abs            (abs)        000000
__size_of_bitClear       (abs)        000000
__size_of_bitRead        (abs)        000000
__size_of_bitSet         (abs)        000000
__size_of_bitValue       (abs)        000000
__size_of_bitWrite       (abs)        000000
__size_of_clearBit       (abs)        000000
__size_of_convertToBit   (abs)        000000
__size_of_convertToPort  (abs)        000000
__size_of_delay          (abs)        000000
__size_of_digitalRead    (abs)        000000
__size_of_dtoa           (abs)        000000
__size_of_fputc          (abs)        000000
__size_of_fputs          (abs)        000000
__size_of_main           (abs)        000000
__size_of_pad            (abs)        000000
__size_of_pinMode        (abs)        000000
__size_of_pinToIndex     (abs)        000000
__size_of_printf         (abs)        000000
__size_of_putch          (abs)        000000
__size_of_readBit        (abs)        000000
__size_of_setBit         (abs)        000000
__size_of_strlen         (abs)        000000
__size_of_vfpfcnvrt      (abs)        000000
__size_of_vfprintf       (abs)        000000
__smallconst             smallconst   000300
_abs                     text10       001502
_bitClear                text24       0016E0
_bitRead                 text26       00168A
_bitSet                  text23       00170E
_bitValue                text25       0016AA
_bitWrite                text22       0015E4
_clearBit                text15       0016C8
_convertToBit            text20       0012E8
_convertToPort           text19       00137E
_dbuf                    bssBANK0     000068
_delay                   text21       0015AE
_digitalRead             text16       001012
_dtoa                    text4        000890
_dtoa$759                cstackCOMRAM 00002E
_flags                   bssBANK0     000066
_fputc                   text8        001252
_fputs                   text7        0014BE
_main                    text0        0011AA
_nout                    bssBANK0     000060
_pad                     text5        0010E4
_pinMode                 text13       00030A
_pinToIndex              text18       00146E
_prec                    bssBANK0     000064
_printf                  text1        00161A
_putch                   text9        001724
_readBit                 text17       001640
_setBit                  text14       0016F8
_strlen                  text6        001578
_vfpfcnvrt               text3        000B72
_vfprintf                text2        00140C
_width                   bssBANK0     000062
abs@a                    cstackCOMRAM 000013
bitClear@b               cstackCOMRAM 000006
bitClear@number          cstackCOMRAM 000004
bitRead@b                cstackCOMRAM 000001
bitRead@number           cstackCOMRAM 000004
bitSet@b                 cstackCOMRAM 000006
bitSet@number            cstackCOMRAM 000004
bitValue@b               cstackCOMRAM 000003
bitWrite@b               cstackCOMRAM 00000A
bitWrite@number          cstackCOMRAM 000008
bitWrite@val             cstackCOMRAM 00000B
clearBit@b               cstackCOMRAM 000006
clearBit@p               cstackCOMRAM 000004
convertToBit@i           cstackCOMRAM 000001
convertToPort@i          cstackCOMRAM 000001
delay@ms                 cstackCOMRAM 000001
digitalRead@bit_val      cstackCOMRAM 00002E
digitalRead@pin          cstackCOMRAM 00002A
digitalRead@port         cstackCOMRAM 00002B
digitalRead@port_num     cstackCOMRAM 00002C
digitalRead@value        cstackCOMRAM 00002D
dtoa@d                   cstackCOMRAM 00001E
dtoa@fp                  cstackCOMRAM 00001C
dtoa@i                   cstackCOMRAM 00003E
dtoa@n                   cstackCOMRAM 000036
dtoa@p                   cstackCOMRAM 000030
dtoa@s                   cstackCOMRAM 000034
dtoa@w                   cstackCOMRAM 000032
end_of_initialization    cinit        00156E
fputc@c                  cstackCOMRAM 000001
fputc@fp                 cstackCOMRAM 000003
fputs@c                  cstackCOMRAM 00000E
fputs@fp                 cstackCOMRAM 00000C
fputs@i                  cstackCOMRAM 00000F
fputs@s                  cstackCOMRAM 00000A
intlevel0                text         000000
intlevel1                text         000000
intlevel2                text         000000
intlevel3                text         000000
isa$std                  (abs)        000001
isa$xinst                (abs)        000000
main@a                   cstackCOMRAM 00005F
pad@buf                  cstackCOMRAM 000013
pad@fp                   cstackCOMRAM 000011
pad@i                    cstackCOMRAM 000018
pad@p                    cstackCOMRAM 000015
pad@w                    cstackCOMRAM 00001A
pinMode@bit_val          cstackCOMRAM 00002E
pinMode@mode             cstackCOMRAM 000028
pinMode@pin              cstackCOMRAM 00002D
pinMode@port             cstackCOMRAM 00002C
pinMode@port_num         cstackCOMRAM 00002B
pinToIndex@F6037         dataBANK0    000088
pinToIndex@i             cstackCOMRAM 000027
pinToIndex@pin           cstackCOMRAM 000026
pinToIndex@pins          cstackCOMRAM 000002
printf@ap                cstackCOMRAM 00005C
printf@fmt               cstackCOMRAM 000058
readBit@b                cstackCOMRAM 000003
readBit@p                cstackCOMRAM 000001
setBit@b                 cstackCOMRAM 000006
setBit@p                 cstackCOMRAM 000004
stackhi                  (abs)        0002FF
stacklo                  (abs)        0000B1
start                    init         000000
start_initialization     cinit        001542
strlen@a                 cstackCOMRAM 000003
strlen@s                 cstackCOMRAM 000001
vfpfcnvrt@ap             cstackCOMRAM 000044
vfpfcnvrt@fmt            cstackCOMRAM 000042
vfpfcnvrt@fp             cstackCOMRAM 000040
vfpfcnvrt@ll             cstackCOMRAM 000048
vfprintf@ap              cstackCOMRAM 000054
vfprintf@cfmt            cstackCOMRAM 000056
vfprintf@fmt             cstackCOMRAM 000052
vfprintf@fp              cstackCOMRAM 000050


MODULE INFORMATION

Module		Function		Class		Link	Load	Size
C:\Program Files\Microchip\xc8\v2.32\pic\sources\c99\common\doprnt.c
		_vfpfcnvrt     		CODE           	0B72	0000	436
		_pad           		CODE           	10E4	0000	198
		_dtoa          		CODE           	0890	0000	738
		_vfprintf      		CODE           	140C	0000	98

C:\Program Files\Microchip\xc8\v2.32\pic\sources\c99\common\doprnt.c estimated size: 1470

pins.c
		_pinToIndex    		CODE           	146E	0000	80
		_digitalRead   		CODE           	1012	0000	210
		_convertToBit  		CODE           	12E8	0000	150
		_pinMode       		CODE           	030A	0000	1414
		_convertToPort 		CODE           	137E	0000	142

pins.c estimated size: 1996

mydelays.c
		_delay         		CODE           	15AE	0000	54

mydelays.c estimated size: 54

C:\Program Files\Microchip\xc8\v2.32\pic\sources\c99\common\nf_fputs.c
		_fputs         		CODE           	14BE	0000	68

C:\Program Files\Microchip\xc8\v2.32\pic\sources\c99\common\nf_fputs.c estimated size: 68

C:\Program Files\Microchip\xc8\v2.32\pic\sources\c99\common\putch.c
		_putch         		CODE           	1724	0000	2

C:\Program Files\Microchip\xc8\v2.32\pic\sources\c99\common\putch.c estimated size: 2

C:\Program Files\Microchip\xc8\v2.32\pic\sources\c99\common\abs.c
		_abs           		CODE           	1502	0000	64

C:\Program Files\Microchip\xc8\v2.32\pic\sources\c99\common\abs.c estimated size: 64

C:\Program Files\Microchip\xc8\v2.32\pic\sources\c99\common\aomod.c
		___aomod       		CODE           	0EAE	0000	356

C:\Program Files\Microchip\xc8\v2.32\pic\sources\c99\common\aomod.c estimated size: 356

shared
		__initialization		CODE           	1542	0000	44

shared estimated size: 44

fun.c
		_main          		CODE           	11AA	0000	168

fun.c estimated size: 168

C:\Program Files\Microchip\xc8\v2.32\pic\sources\c99\common\printf.c
		_printf        		CODE           	161A	0000	38

C:\Program Files\Microchip\xc8\v2.32\pic\sources\c99\common\printf.c estimated size: 38

C:\Program Files\Microchip\xc8\v2.32\pic\sources\c99\common\nf_fputc.c
		_fputc         		CODE           	1252	0000	150

C:\Program Files\Microchip\xc8\v2.32\pic\sources\c99\common\nf_fputc.c estimated size: 150

C:\Program Files\Microchip\xc8\v2.32\pic\sources\c99\common\aodiv.c
		___aodiv       		CODE           	0D26	0000	392

C:\Program Files\Microchip\xc8\v2.32\pic\sources\c99\common\aodiv.c estimated size: 392

mylib.c
		_bitValue      		CODE           	16AA	0000	30
		_setBit        		CODE           	16F8	0000	22
		_bitClear      		CODE           	16E0	0000	24
		_bitWrite      		CODE           	15E4	0000	54
		_readBit       		CODE           	1640	0000	38
		_clearBit      		CODE           	16C8	0000	24
		_bitSet        		CODE           	170E	0000	22
		_bitRead       		CODE           	168A	0000	32

mylib.c estimated size: 246

C:\Program Files\Microchip\xc8\v2.32\pic\sources\c99\common\strlen.c
		_strlen        		CODE           	1578	0000	54

C:\Program Files\Microchip\xc8\v2.32\pic\sources\c99\common\strlen.c estimated size: 54

